╚ёяюы№чєхЄё  Docker фы  чряєёър ЄхёЄют...
╩юэЄхщэхЁ backend эх чряє∙хэ. ╟ряєёър■...
python : time="2025-12-05T14:48:12+03:00" level=warning msg="C:\\wms_project\\d
ocker-compose.yml: the attribute `version` is obsolete, it will be ignored, ple
ase remove it to avoid potential confusion"
строка:1 знак:38
+ ... tion -Path 'C:\wms_project'; python backend/run_tests.py 2>&1 | Tee-O ...
+                                  ~~~~~~~~~~~~~~~~~~~~~~~~~~~~~~~~
    + CategoryInfo          : NotSpecified: (time="2025-12-0...tial confusion" 
   :String) [], RemoteException
    + FullyQualifiedErrorId : NativeCommandError
 
unable to get image 'redis:7': error during connect: Get "http://%2F%2F.%2Fpipe
%2FdockerDesktopLinuxEngine/v1.51/images/redis:7/json": open //./pipe/dockerDes
ktopLinuxEngine: The system cannot find the file specified.
Traceback (most recent call last):
  File "C:\wms_project\backend\run_tests.py", line 76, in <module>
    sys.exit(main())
             ~~~~^^
  File "C:\wms_project\backend\run_tests.py", line 70, in main
    return run_tests_docker()
  File "C:\wms_project\backend\run_tests.py", line 26, in run_tests_docker
    subprocess.run(["docker", "compose", "up", "-d", "backend"], check=True)
    ~~~~~~~~~~~~~~^^^^^^^^^^^^^^^^^^^^^^^^^^^^^^^^^^^^^^^^^^^^^^^^^^^^^^^^^^
  File "C:\Python314\Lib\subprocess.py", line 577, in run
    raise CalledProcessError(retcode, process.args,
                             output=stdout, stderr=stderr)
subprocess.CalledProcessError: Command '['docker', 'compose', 'up', '-d', 'back
end']' returned non-zero exit status 1.
